D:\base_imp\.venv\lib\site-packages\art\estimators\certification\__init__.py:29: UserWarning: PyTorch not found. Not importing DeepZ or Interval Bound Propagation functionality
  warnings.warn("PyTorch not found. Not importing DeepZ or Interval Bound Propagation functionality")
09:30:41  INFO    5000 source rows from data/processed/test.npz | 39 features | attack classes present: {1: 193, 2: 96, 3: 193, 4: 200, 5: 198, 6: 207, 7: 83, 8: 232, 9: 192, 10: 223, 11: 208, 12: 193, 13: 216, 14: 209, 15: 219, 16: 216, 17: 192, 18: 211, 19: 212, 20: 211, 21: 232, 22: 11, 23: 185, 24: 122, 25: 207, 26: 203, 27: 17, 28: 23, 29: 20, 30: 16, 31: 1, 32: 16, 33: 43}
09:30:41  INFO    loaded mlp (15522 params) from mlp.keras
09:30:41  INFO    mlp: clean detection rate on the source rows 92.3600%
09:30:41  INFO    fgsm     x mlp   {'eps': 0.1}
09:30:41  INFO    Success rate of FGM attack: 0.00%
09:30:41  INFO      -> 92.360% -> 87.280%  (evasion 8.19% of correct, Linf 0.1000, 16/39 feats, 0.1s)
09:30:41  INFO    bim      x mlp   {'eps': 0.1, 'eps_step': 0.01, 'max_iter': 10}
09:30:41  INFO    Creating adversarial samples.
09:30:42  INFO    Success rate of attack: 17.70%
09:30:43  INFO      -> 92.360% -> 74.660%  (evasion 19.16% of correct, Linf 0.1000, 16/39 feats, 1.1s)
09:30:43  INFO    pgd      x mlp   {'eps': 0.1, 'eps_step': 0.01, 'max_iter': 40, 'num_random_init': 0}
09:30:43  INFO    Creating adversarial samples.
09:30:47  INFO    Success rate of attack: 23.70%
09:30:47  INFO      -> 92.360% -> 68.660%  (evasion 25.66% of correct, Linf 0.1000, 17/39 feats, 4.4s)
09:30:47  INFO    deepfool x mlp   {'max_iter': 50, 'epsilon': 1e-06, 'nb_grads': 2}
WARNING:tensorflow:Calling GradientTape.gradient on a persistent tape inside its context is significantly less efficient than calling it outside the context (it causes the gradient ops to be recorded on the tape, leading to increased CPU and memory usage). Only call GradientTape.gradient inside the context if you actually want to trace the gradient in order to compute higher order derivatives.
09:30:47  WARNING Calling GradientTape.gradient on a persistent tape inside its context is significantly less efficient than calling it outside the context (it causes the gradient ops to be recorded on the tape, leading to increased CPU and memory usage). Only call GradientTape.gradient inside the context if you actually want to trace the gradient in order to compute higher order derivatives.
09:31:00  INFO      -> 92.360% -> 29.960%  (evasion 74.95% of correct, Linf 1.0000, 32/39 feats, 12.6s)
09:31:00  INFO    loaded cnn (33346 params) from cnn.keras
09:31:00  INFO    cnn: clean detection rate on the source rows 92.2600%
09:31:00  INFO    fgsm     x cnn   {'eps': 0.1}
09:31:01  INFO    Success rate of FGM attack: 0.00%
09:31:01  INFO      -> 92.260% -> 69.940%  (evasion 27.23% of correct, Linf 0.1000, 30/39 feats, 0.5s)
09:31:01  INFO    bim      x cnn   {'eps': 0.1, 'eps_step': 0.01, 'max_iter': 10}
09:31:01  INFO    Creating adversarial samples.
09:31:06  INFO    Success rate of attack: 78.72%
09:31:06  INFO      -> 92.260% -> 13.540%  (evasion 85.32% of correct, Linf 0.1000, 32/39 feats, 5.5s)
09:31:06  INFO    pgd      x cnn   {'eps': 0.1, 'eps_step': 0.01, 'max_iter': 40, 'num_random_init': 0}
09:31:06  INFO    Creating adversarial samples.
09:31:28  INFO    Success rate of attack: 90.82%
09:31:28  INFO      -> 92.260% -> 1.440%  (evasion 98.44% of correct, Linf 0.1000, 32/39 feats, 21.4s)
09:31:28  INFO    deepfool x cnn   {'max_iter': 50, 'epsilon': 1e-06, 'nb_grads': 2}
09:32:31  INFO      -> 92.260% -> 9.000%  (evasion 97.85% of correct, Linf 0.4768, 34/39 feats, 62.7s)
09:32:31  INFO    loaded lstm (19042 params) from lstm.keras
09:32:32  INFO    lstm: clean detection rate on the source rows 92.4600%
09:32:32  INFO    fgsm     x lstm  {'eps': 0.1}
09:32:34  INFO    Success rate of FGM attack: 0.00%
09:32:34  INFO      -> 92.460% -> 80.060%  (evasion 17.02% of correct, Linf 0.1000, 30/39 feats, 2.1s)
09:32:34  INFO    bim      x lstm  {'eps': 0.1, 'eps_step': 0.01, 'max_iter': 10}
09:32:34  INFO    Creating adversarial samples.
09:33:03  INFO    Success rate of attack: 50.08%
09:33:03  INFO      -> 92.460% -> 42.380%  (evasion 54.16% of correct, Linf 0.1000, 31/39 feats, 28.8s)
09:33:03  INFO    pgd      x lstm  {'eps': 0.1, 'eps_step': 0.01, 'max_iter': 40, 'num_random_init': 0}
09:33:03  INFO    Creating adversarial samples.
09:35:44  INFO    Success rate of attack: 61.82%
09:35:45  INFO      -> 92.460% -> 30.640%  (evasion 66.86% of correct, Linf 0.1000, 31/39 feats, 160.5s)
09:35:45  INFO    deepfool x lstm  {'max_iter': 50, 'epsilon': 1e-06, 'nb_grads': 2}
09:53:06  INFO      -> 92.460% -> 14.040%  (evasion 92.19% of correct, Linf 1.0000, 33/39 feats, 1040.7s)
09:53:06  INFO    wrote D:\base_imp\aad\artifacts\reports\figures\fig3_evasion.png
09:53:06  INFO    generated 12 cells, 22.3 min of attack time

model   attack  eps  clean_acc_%  adv_acc_%  evasion_%  linf_max  l2_mean  feats_changed  seconds
  MLP     FGSM  0.1        92.36      87.28      8.185   0.10000   0.2906           16.2      0.1
  MLP      BIM  0.1        92.36      74.66     19.164   0.10000   0.2088           16.4      1.1
  MLP      PGD  0.1        92.36      68.66     25.660   0.10000   0.2458           16.7      4.4
  MLP DEEPFOOL    -        92.36      29.96     74.946   1.00000   0.4962           32.2     12.6
  CNN     FGSM  0.1        92.26      69.94     27.227   0.10000   0.5333           30.5      0.5
  CNN      BIM  0.1        92.26      13.54     85.324   0.10000   0.3839           32.0      5.5
  CNN      PGD  0.1        92.26       1.44     98.439   0.10000   0.4417           32.4     21.4
  CNN DEEPFOOL    -        92.26       9.00     97.854   0.47682   0.2438           34.2     62.7
 LSTM     FGSM  0.1        92.46      80.06     17.024   0.10000   0.5234           29.5      2.1
 LSTM      BIM  0.1        92.46      42.38     54.164   0.10000   0.3966           30.9     28.8
 LSTM      PGD  0.1        92.46      30.64     66.861   0.10000   0.4478           30.6    160.5
 LSTM DEEPFOOL    -        92.46      14.04     92.191   1.00000   0.4560           33.3   1040.7
