21:07:54  INFO    data data/processed | train (1783537, 39)  val (382186, 39)  test (382187, 39) | attack share 56.899%
21:07:54  INFO    sample weights by category (power 0.50): {'Benign': 0.286, 'DDoS': 0.371, 'DoS': 0.611, 'Mirai': 0.706, 'Recon': 0.639, 'Spoofing': 0.865, 'Web': 1.901, 'BruteForce': 2.621}
21:07:54  INFO    ======================================================================
21:07:54  INFO    training MLP
21:07:54  INFO    
Model: "mlp"
________________________________________________________________________________________
 Layer (type)                          Output Shape                       Param #       
========================================================================================
 features (InputLayer)                 [(None, 39)]                       0             
                                                                                        
 dense_0 (Dense)                       (None, 128)                        5120          
                                                                                        
 dropout_0 (Dropout)                   (None, 128)                        0             
                                                                                        
 dense_1 (Dense)                       (None, 64)                         8256          
                                                                                        
 dropout_1 (Dropout)                   (None, 64)                         0             
                                                                                        
 dense_2 (Dense)                       (None, 32)                         2080          
                                                                                        
 dropout_2 (Dropout)                   (None, 32)                         0             
                                                                                        
 softmax (Dense)                       (None, 2)                          66            
                                                                                        
========================================================================================
Total params: 15522 (60.63 KB)
Trainable params: 15522 (60.63 KB)
Non-trainable params: 0 (0.00 Byte)
________________________________________________________________________________________
Epoch 1/30
1742/1742 - 13s - loss: 0.2263 - accuracy: 0.8974 - precision: 0.8798 - recall: 0.9493 - val_loss: 0.1810 - val_accuracy: 0.9231 - val_precision: 0.9091 - val_recall: 0.9609 - lr: 0.0010 - 13s/epoch - 8ms/step
Epoch 2/30
1742/1742 - 24s - loss: 0.1836 - accuracy: 0.9202 - precision: 0.9047 - recall: 0.9609 - val_loss: 0.1783 - val_accuracy: 0.9243 - val_precision: 0.9086 - val_recall: 0.9640 - lr: 0.0010 - 24s/epoch - 14ms/step
Epoch 3/30
1742/1742 - 17s - loss: 0.1774 - accuracy: 0.9217 - precision: 0.9058 - recall: 0.9625 - val_loss: 0.1715 - val_accuracy: 0.9258 - val_precision: 0.9110 - val_recall: 0.9638 - lr: 0.0010 - 17s/epoch - 10ms/step
Epoch 4/30
1742/1742 - 24s - loss: 0.1740 - accuracy: 0.9234 - precision: 0.9080 - recall: 0.9628 - val_loss: 0.1622 - val_accuracy: 0.9311 - val_precision: 0.9217 - val_recall: 0.9605 - lr: 0.0010 - 24s/epoch - 14ms/step
Epoch 5/30
1742/1742 - 31s - loss: 0.1718 - accuracy: 0.9248 - precision: 0.9103 - recall: 0.9628 - val_loss: 0.1688 - val_accuracy: 0.9258 - val_precision: 0.9093 - val_recall: 0.9659 - lr: 0.0010 - 31s/epoch - 18ms/step
Epoch 6/30

Epoch 6: ReduceLROnPlateau reducing learning rate to 0.0005000000237487257.
1742/1742 - 11s - loss: 0.1702 - accuracy: 0.9260 - precision: 0.9121 - recall: 0.9628 - val_loss: 0.1656 - val_accuracy: 0.9296 - val_precision: 0.9180 - val_recall: 0.9623 - lr: 0.0010 - 11s/epoch - 6ms/step
Epoch 7/30
1742/1742 - 9s - loss: 0.1663 - accuracy: 0.9277 - precision: 0.9141 - recall: 0.9634 - val_loss: 0.1613 - val_accuracy: 0.9327 - val_precision: 0.9218 - val_recall: 0.9635 - lr: 5.0000e-04 - 9s/epoch - 5ms/step
Epoch 8/30
1742/1742 - 9s - loss: 0.1656 - accuracy: 0.9284 - precision: 0.9154 - recall: 0.9632 - val_loss: 0.1581 - val_accuracy: 0.9328 - val_precision: 0.9221 - val_recall: 0.9634 - lr: 5.0000e-04 - 9s/epoch - 5ms/step
Epoch 9/30
1742/1742 - 9s - loss: 0.1649 - accuracy: 0.9287 - precision: 0.9158 - recall: 0.9632 - val_loss: 0.1603 - val_accuracy: 0.9342 - val_precision: 0.9250 - val_recall: 0.9623 - lr: 5.0000e-04 - 9s/epoch - 5ms/step
Epoch 10/30
1742/1742 - 9s - loss: 0.1644 - accuracy: 0.9291 - precision: 0.9164 - recall: 0.9634 - val_loss: 0.1564 - val_accuracy: 0.9339 - val_precision: 0.9241 - val_recall: 0.9629 - lr: 5.0000e-04 - 9s/epoch - 5ms/step
Epoch 11/30
1742/1742 - 20s - loss: 0.1638 - accuracy: 0.9297 - precision: 0.9174 - recall: 0.9631 - val_loss: 0.1566 - val_accuracy: 0.9350 - val_precision: 0.9258 - val_recall: 0.9629 - lr: 5.0000e-04 - 20s/epoch - 11ms/step
Epoch 12/30

Epoch 12: ReduceLROnPlateau reducing learning rate to 0.0002500000118743628.
1742/1742 - 26s - loss: 0.1632 - accuracy: 0.9299 - precision: 0.9176 - recall: 0.9633 - val_loss: 0.1564 - val_accuracy: 0.9337 - val_precision: 0.9240 - val_recall: 0.9626 - lr: 5.0000e-04 - 26s/epoch - 15ms/step
Epoch 13/30
1742/1742 - 17s - loss: 0.1614 - accuracy: 0.9307 - precision: 0.9188 - recall: 0.9633 - val_loss: 0.1562 - val_accuracy: 0.9338 - val_precision: 0.9228 - val_recall: 0.9643 - lr: 2.5000e-04 - 17s/epoch - 10ms/step
Epoch 14/30
1742/1742 - 10s - loss: 0.1610 - accuracy: 0.9307 - precision: 0.9186 - recall: 0.9636 - val_loss: 0.1579 - val_accuracy: 0.9337 - val_precision: 0.9225 - val_recall: 0.9646 - lr: 2.5000e-04 - 10s/epoch - 6ms/step
Epoch 15/30
1742/1742 - 9s - loss: 0.1606 - accuracy: 0.9311 - precision: 0.9193 - recall: 0.9636 - val_loss: 0.1529 - val_accuracy: 0.9367 - val_precision: 0.9288 - val_recall: 0.9626 - lr: 2.5000e-04 - 9s/epoch - 5ms/step
Epoch 16/30
1742/1742 - 10s - loss: 0.1603 - accuracy: 0.9313 - precision: 0.9196 - recall: 0.9635 - val_loss: 0.1528 - val_accuracy: 0.9368 - val_precision: 0.9287 - val_recall: 0.9629 - lr: 2.5000e-04 - 10s/epoch - 5ms/step
Epoch 17/30

Epoch 17: ReduceLROnPlateau reducing learning rate to 0.0001250000059371814.
1742/1742 - 10s - loss: 0.1600 - accuracy: 0.9314 - precision: 0.9197 - recall: 0.9636 - val_loss: 0.1558 - val_accuracy: 0.9360 - val_precision: 0.9268 - val_recall: 0.9635 - lr: 2.5000e-04 - 10s/epoch - 6ms/step
Epoch 18/30
1742/1742 - 19s - loss: 0.1590 - accuracy: 0.9318 - precision: 0.9201 - recall: 0.9638 - val_loss: 0.1525 - val_accuracy: 0.9370 - val_precision: 0.9288 - val_recall: 0.9632 - lr: 1.2500e-04 - 19s/epoch - 11ms/step
Epoch 19/30
1742/1742 - 9s - loss: 0.1587 - accuracy: 0.9320 - precision: 0.9203 - recall: 0.9640 - val_loss: 0.1504 - val_accuracy: 0.9371 - val_precision: 0.9290 - val_recall: 0.9631 - lr: 1.2500e-04 - 9s/epoch - 5ms/step
Epoch 20/30
1742/1742 - 13s - loss: 0.1585 - accuracy: 0.9320 - precision: 0.9203 - recall: 0.9639 - val_loss: 0.1518 - val_accuracy: 0.9374 - val_precision: 0.9298 - val_recall: 0.9627 - lr: 1.2500e-04 - 13s/epoch - 7ms/step
Epoch 21/30
1742/1742 - 12s - loss: 0.1584 - accuracy: 0.9321 - precision: 0.9206 - recall: 0.9638 - val_loss: 0.1499 - val_accuracy: 0.9377 - val_precision: 0.9302 - val_recall: 0.9627 - lr: 1.2500e-04 - 12s/epoch - 7ms/step
Epoch 22/30
1742/1742 - 9s - loss: 0.1582 - accuracy: 0.9321 - precision: 0.9205 - recall: 0.9639 - val_loss: 0.1544 - val_accuracy: 0.9356 - val_precision: 0.9253 - val_recall: 0.9647 - lr: 1.2500e-04 - 9s/epoch - 5ms/step
Epoch 23/30

Epoch 23: ReduceLROnPlateau reducing learning rate to 6.25000029685907e-05.
1742/1742 - 8s - loss: 0.1582 - accuracy: 0.9323 - precision: 0.9208 - recall: 0.9639 - val_loss: 0.1519 - val_accuracy: 0.9367 - val_precision: 0.9278 - val_recall: 0.9637 - lr: 1.2500e-04 - 8s/epoch - 5ms/step
Epoch 24/30
1742/1742 - 9s - loss: 0.1576 - accuracy: 0.9325 - precision: 0.9211 - recall: 0.9639 - val_loss: 0.1532 - val_accuracy: 0.9370 - val_precision: 0.9281 - val_recall: 0.9638 - lr: 6.2500e-05 - 9s/epoch - 5ms/step
Epoch 25/30
Restoring model weights from the end of the best epoch: 21.

Epoch 25: ReduceLROnPlateau reducing learning rate to 3.125000148429535e-05.
1742/1742 - 8s - loss: 0.1574 - accuracy: 0.9325 - precision: 0.9210 - recall: 0.9640 - val_loss: 0.1509 - val_accuracy: 0.9376 - val_precision: 0.9297 - val_recall: 0.9632 - lr: 6.2500e-05 - 8s/epoch - 5ms/step
Epoch 25: early stopping
21:13:41  INFO    mlp: acc 93.7669%  bal.acc 93.3603%  F1 94.6187%  FPR 9.5868%  loss 0.15014  (345.1s, 25 epochs)
21:13:41  WARNING below the 99% balanced-accuracy target: ['mlp']

model      accuracy  precision   recall       f1      loss     FPR%
-------------------------------------------------------------------
MLP         93.7669    92.9883  96.3074  94.6187   0.15014   9.5868

per-category detection rate (%):
  category  support     MLP
    Benign   164727  90.413
      DDoS    97830  99.998
       DoS    36000 100.000
     Mirai    27000 100.000
     Recon    32946  85.959
  Spoofing    18000  82.972
       Web     3724  96.133
BruteForce     1960  90.153
