2026-10-08 20:37:08.303786: W tensorflow/compiler/tf2tensorrt/utils/py_utils.cc:38] TF-TRT Warning: Could not find TensorRT
2026-10-08 20:37:12.619918: W tensorflow/core/common_runtime/gpu/gpu_bfc_allocator.cc:47] Overriding orig_value setting because the TF_FORCE_GPU_ALLOW_GROWTH environment variable is set. Original config value was 0.
20:37:15  INFO    permutation mlp (3s): top drops in balanced-acc points: rst_count 24.55, urg_count 24.35, Number + Weight 17.56, Header_Length 15.53, flow_duration 15.15
20:37:20  INFO    permutation cnn (4s): top drops in balanced-acc points: rst_count 25.33, urg_count 23.47, Number + Weight 18.92, Header_Length 18.60, flow_duration 15.23
20:37:24  INFO    permutation lstm (4s): top drops in balanced-acc points: flow_duration 22.12, urg_count 18.77, rst_count 18.60, Header_Length 13.97, Number + Weight 13.04
20:37:27  INFO    ablation: 'all 38 features' = the phase-2 baseline MLP (not retrained)
20:37:28  INFO    ablation 'all 38 features': bal.acc 95.2455%  FPR 1.8662%
20:37:28  INFO    ablation: training MLP 'without Number, Weight' on 36 features

Epoch 14: ReduceLROnPlateau reducing learning rate to 0.0005000000237487257.

Epoch 22: ReduceLROnPlateau reducing learning rate to 0.0002500000118743628.

Epoch 26: ReduceLROnPlateau reducing learning rate to 0.0001250000059371814.
20:45:17  INFO    ablation 'without Number, Weight': bal.acc 95.2310%  FPR 1.7277%
20:47:08  INFO    reference forest: bal.acc 95.4035%  FPR 2.8842%  (105s)
# Feature reliance of the baseline models (phase 2b)

Method and interpretation: `docs/m2-baselines.md`, section 'Do the models lean on capture artefacts?'.

## Permutation importance - drop in balanced accuracy (percentage points), 9,990 stratified test rows, 2 repeats

Baseline balanced accuracy on this subsample: MLP 95.107%, CNN 95.102%, LSTM 94.591%.

| feature                   |    MLP |    CNN |   LSTM |   mean |
|:--------------------------|-------:|-------:|-------:|-------:|
| rst_count                 | 24.546 | 25.332 | 18.601 | 22.826 |
| urg_count                 | 24.348 | 23.468 | 18.767 | 22.194 |
| flow_duration             | 15.146 | 15.233 | 22.123 | 17.5   |
| Number + Weight           | 17.559 | 18.924 | 13.041 | 16.508 |
| Header_Length             | 15.533 | 18.605 | 13.973 | 16.037 |
| TCP                       |  1.17  |  4.871 |  4.447 |  3.496 |
| Std + Radius + Covariance |  0.425 |  2.533 |  5.009 |  2.656 |
| HTTP                      |  1.852 |  2.843 |  2.689 |  2.461 |
| Rate + Srate              |  1.843 |  4.091 |  0.836 |  2.257 |
| HTTPS                     |  1.267 |  1.954 |  3.084 |  2.102 |
| syn_flag_number           |  3.328 |  0.974 |  1.049 |  1.784 |
| Max                       |  3.181 |  1.604 |  0.448 |  1.744 |
| Protocol Type             |  0.98  |  2.209 |  1.544 |  1.578 |
| Variance                  |  2.523 |  1.382 |  0.818 |  1.574 |
| syn_count                 |  1.637 |  0.915 |  1.149 |  1.234 |

Artefact suspects: 

| feature         |    MLP |    CNN |   LSTM |   mean |
|:----------------|-------:|-------:|-------:|-------:|
| Number + Weight | 17.559 | 18.924 | 13.041 | 16.508 |

Features correlated above |r| = 0.95 are permuted together and shown as one row (`A + B`): permuting one alone would create impossible rows.

## Ablation - MLP retrained without the suspect columns

| variant                |   features |   balanced_acc_% |   accuracy_% |   recall_% |   fpr_% |   Benign_% |   DDoS_% |   DoS_% |   Mirai_% |   Recon_% |   Spoofing_% |   Web_% |   BruteForce_% |   epochs |   train_s |
|:-----------------------|-----------:|-----------------:|-------------:|-----------:|--------:|-----------:|---------:|--------:|----------:|----------:|-------------:|--------:|---------------:|---------:|----------:|
| all 38 features        |         38 |          95.2455 |      94.847  |    92.3572 |  1.8662 |      98.13 |   100    |  100    |    100    |     72.4  |        69.26 |   66.69 |          61.68 |       30 |     546.7 |
| without Number, Weight |         36 |          95.231  |      94.8114 |    92.1898 |  1.7277 |      98.27 |    99.92 |   99.97 |     99.95 |     71.68 |        69.23 |   65.78 |          62.5  |       30 |     467.7 |

## Reference forest - is the ceiling the features or the networks?

| model                                        |   balanced_acc_% |   fpr_% |   Benign_% |   DDoS_% |   DoS_% |   Mirai_% |   Recon_% |   Spoofing_% |   Web_% |   BruteForce_% |
|:---------------------------------------------|-----------------:|--------:|-----------:|---------:|--------:|----------:|----------:|-------------:|--------:|---------------:|
| RandomForest (200 trees, 599,993 train rows) |          95.4035 |  2.8842 |      97.12 |    99.97 |     100 |     99.99 |     76.99 |        73.42 |   79.83 |          70.92 |

20:47:08  INFO    done in 599s
